../Drivers/STM32L5xx_HAL_Driver/Inc/stm32l5xx_ll_bus.h:433:22:LL_AHB2_GRP1_EnableClock	1
../Drivers/STM32L5xx_HAL_Driver/Inc/stm32l5xx_ll_bus.h:914:22:LL_APB1_GRP2_EnableClock	1
../Core/Src/main.c:82:5:main	1
../Core/Src/main.c:151:6:SystemClock_Config	4
../Core/Src/main.c:210:13:MX_ADC1_Init	4
../Core/Src/main.c:277:13:MX_ICACHE_Init	3
../Core/Src/main.c:309:13:MX_LPUART1_UART_Init	5
../Core/Src/main.c:357:13:MX_RTC_Init	3
../Core/Src/main.c:404:13:MX_TIM1_Init	5
../Core/Src/main.c:476:13:MX_UCPD1_Init	1
../Core/Src/main.c:518:13:MX_USB_PCD_Init	2
../Core/Src/main.c:549:13:MX_DMA_Init	1
../Core/Src/main.c:568:13:MX_GPIO_Init	1
../Core/Src/main.c:630:6:Error_Handler	1
