../Core/Src/main.cpp:78:5:int main()	16	static
../Core/Src/main.cpp:134:6:void SystemClock_Config()	104	static
../Core/Src/main.cpp:179:13:void MX_I2C1_Init()	8	static
../Core/Src/main.cpp:227:13:void MX_USART2_UART_Init()	8	static
../Core/Src/main.cpp:271:13:void MX_USART3_UART_Init()	8	static
../Core/Src/main.cpp:316:13:void MX_DMA_Init()	16	static
../Core/Src/main.cpp:335:13:void MX_GPIO_Init()	24	static
../Core/Src/main.cpp:348:6:void airspeed_test()	56	static
../Core/Src/main.cpp:358:6:void gps_test()	72	static
../Core/Src/main.cpp:370:6:void HAL_UART_RxCpltCallback(UART_HandleTypeDef*)	24	static
../Core/Src/main.cpp:383:6:void Error_Handler()	4	static,ignoring_inline_asm
../Core/Src/main.cpp:392:1:void __static_initialization_and_destruction_0(int, int)	16	static
../Core/Src/main.cpp:392:1:cpp)	8	static
../Core/Src/main.cpp:392:1:cpp)	8	static
