../Core/Src/main.cpp:74:5:int main()	8	static
../Core/Src/main.cpp:128:6:void SystemClock_Config()	104	static
../Core/Src/main.cpp:173:13:void MX_I2C1_Init()	8	static
../Core/Src/main.cpp:221:13:void MX_USART2_UART_Init()	8	static
../Core/Src/main.cpp:267:13:void MX_DMA_Init()	16	static
../Core/Src/main.cpp:286:13:void MX_GPIO_Init()	24	static
../Core/Src/main.cpp:299:6:void airspeed_test()	56	static
../Core/Src/main.cpp:309:6:void gps_test()	1328	static
../Core/Src/main.cpp:324:6:void Error_Handler()	4	static,ignoring_inline_asm
